https://www.rfc-editor.org/rfc/rfc5280#section-4.2.1.10	impl	crypto/x509/v3_ncons.c	259
https://www.rfc-editor.org/rfc/rfc5280#section-4.2.1.10	impl	crypto/x509/v3_ncons.c	559
https://www.rfc-editor.org/rfc/rfc5280#section-4.2.1.10	impl	crypto/x509/v3_ncons.c	750
https://www.rfc-editor.org/rfc/rfc5280#section-4.2.1.10	impl	crypto/x509/v3_ncons.c	760
https://www.rfc-editor.org/rfc/rfc5280#section-4.2.1.10	test	crypto/x509/x509_test.cc	2700
https://www.rfc-editor.org/rfc/rfc5280#section-4.2.1.10	test	crypto/x509/x509_test.cc	2710
https://www.rfc-editor.org/rfc/rfc5280#section-4.2.1.10	test	crypto/x509/x509_test.cc	2715
https://www.rfc-editor.org/rfc/rfc5280#section-4.2.1.10	test	crypto/x509/x509_test.cc	3015
https://www.rfc-editor.org/rfc/rfc8032#section-5.1	impl	crypto/fipsmodule/curve25519/curve25519.c	167
https://www.rfc-editor.org/rfc/rfc8032#section-5.1	impl	crypto/fipsmodule/curve25519/curve25519.c	380
https://www.rfc-editor.org/rfc/rfc8032#section-5.1	test	crypto/fipsmodule/curve25519/ed25519_test.cc	17
https://www.rfc-editor.org/rfc/rfc8032#section-5.1	test	crypto/fipsmodule/curve25519/ed25519_test.cc	179
https://www.rfc-editor.org/rfc/rfc8032#section-5.1.3	impl	crypto/fipsmodule/curve25519/curve25519_nohw.c	493
https://www.rfc-editor.org/rfc/rfc8032#section-5.1.3	impl	crypto/fipsmodule/curve25519/curve25519_nohw.c	528
https://www.rfc-editor.org/rfc/rfc8032#section-5.1.3	test	crypto/fipsmodule/curve25519/ed25519_test.cc	129
https://www.rfc-editor.org/rfc/rfc8032#section-5.1.3	test	crypto/fipsmodule/curve25519/ed25519_test.cc	132
https://www.rfc-editor.org/rfc/rfc8032#section-8.7	impl	crypto/fipsmodule/curve25519/curve25519.c	311
