https://www.rfc-editor.org/rfc/rfc8032#section-5.1	impl	crypto/fipsmodule/curve25519/curve25519.c	167
https://www.rfc-editor.org/rfc/rfc8032#section-5.1	impl	crypto/fipsmodule/curve25519/curve25519.c	383
https://www.rfc-editor.org/rfc/rfc8032#section-5.1	test	crypto/fipsmodule/curve25519/ed25519_test.cc	128
https://www.rfc-editor.org/rfc/rfc8032#section-5.1	test	crypto/fipsmodule/curve25519/ed25519_test.cc	16
https://www.rfc-editor.org/rfc/rfc8032#section-8.7	impl	crypto/fipsmodule/curve25519/curve25519.c	312
